foo:enter:2018-12-26-17:46:51
bar:enter:2018-12-26-17:47:51
foo:exit:2018-12-26-17:48:51
bar:exit:2018-12-26-17:49:51
foo:enter:2018-12-26-17:49:57
foo:exit:2018-12-26-17:50:51
bar:enter:2018-12-26-17:51:51
foo:enter:2018-12-26-17:51:57
foo:exit:2018-12-26-17:56:51
bar:exit:2018-12-26-17:53:51
bar:enter:2018-12-26-17:54:51
bar:exit:2018-12-26-17:59:51
